Release 14.7 - xst P.20131013 (nt64)
Copyright (c) 1995-2013 Xilinx, Inc.  All rights reserved.
--> Parameter TMPDIR set to xst/projnav.tmp


Total REAL time to Xst completion: 0.00 secs
Total CPU time to Xst completion: 0.09 secs
 
--> Parameter xsthdpdir set to xst


Total REAL time to Xst completion: 0.00 secs
Total CPU time to Xst completion: 0.09 secs
 
--> Reading design: Counter.prj

TABLE OF CONTENTS
  1) Synthesis Options Summary
  2) HDL Parsing
  3) HDL Elaboration
  4) HDL Synthesis
       4.1) HDL Synthesis Report
  5) Advanced HDL Synthesis
       5.1) Advanced HDL Synthesis Report
  6) Low Level Synthesis
  7) Partition Report
  8) Design Summary
       8.1) Primitive and Black Box Usage
       8.2) Device utilization summary
       8.3) Partition Resource Summary
       8.4) Timing Report
            8.4.1) Clock Information
            8.4.2) Asynchronous Control Signals Information
            8.4.3) Timing Summary
            8.4.4) Timing Details
            8.4.5) Cross Clock Domains Report


=========================================================================
*                      Synthesis Options Summary                        *
=========================================================================
---- Source Parameters
Input File Name                    : "Counter.prj"
Ignore Synthesis Constraint File   : NO

---- Target Parameters
Output File Name                   : "Counter"
Output Format                      : NGC
Target Device                      : xc6slx9-3-tqg144

---- Source Options
Top Module Name                    : Counter
Automatic FSM Extraction           : YES
FSM Encoding Algorithm             : Auto
Safe Implementation                : No
FSM Style                          : LUT
RAM Extraction                     : Yes
RAM Style                          : Auto
ROM Extraction                     : Yes
Shift Register Extraction          : YES
ROM Style                          : Auto
Resource Sharing                   : YES
Asynchronous To Synchronous        : NO
Shift Register Minimum Size        : 2
Use DSP Block                      : Auto
Automatic Register Balancing       : No

---- Target Options
LUT Combining                      : Auto
Reduce Control Sets                : Auto
Add IO Buffers                     : YES
Global Maximum Fanout              : 100000
Add Generic Clock Buffer(BUFG)     : 16
Register Duplication               : YES
Optimize Instantiated Primitives   : NO
Use Clock Enable                   : Auto
Use Synchronous Set                : Auto
Use Synchronous Reset              : Auto
Pack IO Registers into IOBs        : Auto
Equivalent register Removal        : YES

---- General Options
Optimization Goal                  : Speed
Optimization Effort                : 1
Power Reduction                    : NO
Keep Hierarchy                     : No
Netlist Hierarchy                  : As_Optimized
RTL Output                         : Yes
Global Optimization                : AllClockNets
Read Cores                         : YES
Write Timing Constraints           : NO
Cross Clock Analysis               : NO
Hierarchy Separator                : /
Bus Delimiter                      : <>
Case Specifier                     : Maintain
Slice Utilization Ratio            : 100
BRAM Utilization Ratio             : 100
DSP48 Utilization Ratio            : 100
Auto BRAM Packing                  : NO
Slice Utilization Ratio Delta      : 5

=========================================================================


=========================================================================
*                          HDL Parsing                                  *
=========================================================================
Analyzing Verilog file "C:\Users\Puwadol Limwanichsin\Downloads\NewCOUNTER\Segment.vf" into library work
Parsing module <Segment>.
Analyzing Verilog file "C:\Users\Puwadol Limwanichsin\Downloads\NewCOUNTER\Counter.vf" into library work
Parsing module <FJKC_HXILINX_Counter>.
Parsing module <FJKP_HXILINX_Counter>.
Parsing module <Segment_MUSER_Counter>.
Parsing module <Counter>.

=========================================================================
*                            HDL Elaboration                            *
=========================================================================

Elaborating module <Counter>.

Elaborating module <FJKP_HXILINX_Counter>.

Elaborating module <FJKC_HXILINX_Counter>.

Elaborating module <OR2>.

Elaborating module <AND2>.

Elaborating module <VCC>.

Elaborating module <Segment_MUSER_Counter>.

Elaborating module <INV>.

Elaborating module <GND>.

=========================================================================
*                           HDL Synthesis                               *
=========================================================================

Synthesizing Unit <Counter>.
    Related source file is "C:\Users\Puwadol Limwanichsin\Downloads\NewCOUNTER\Counter.vf".
    Set property "HU_SET = XLXI_24_5" for instance <XLXI_24>.
    Set property "HU_SET = XLXI_25_4" for instance <XLXI_25>.
    Set property "HU_SET = XLXI_26_3" for instance <XLXI_26>.
    Set property "CLOCK_DEDICATED_ROUTE = TRUE" for signal <CLK_P45>.
    Summary:
	no macro.
Unit <Counter> synthesized.

Synthesizing Unit <FJKP_HXILINX_Counter>.
    Related source file is "C:\Users\Puwadol Limwanichsin\Downloads\NewCOUNTER\Counter.vf".
        INIT = 1'b1
    Found 1-bit register for signal <Q>.
    Summary:
	inferred   1 D-type flip-flop(s).
	inferred   2 Multiplexer(s).
Unit <FJKP_HXILINX_Counter> synthesized.

Synthesizing Unit <FJKC_HXILINX_Counter>.
    Related source file is "C:\Users\Puwadol Limwanichsin\Downloads\NewCOUNTER\Counter.vf".
        INIT = 1'b0
    Found 1-bit register for signal <Q>.
    Summary:
	inferred   1 D-type flip-flop(s).
	inferred   2 Multiplexer(s).
Unit <FJKC_HXILINX_Counter> synthesized.

Synthesizing Unit <Segment_MUSER_Counter>.
    Related source file is "C:\Users\Puwadol Limwanichsin\Downloads\NewCOUNTER\Counter.vf".
    Summary:
	no macro.
Unit <Segment_MUSER_Counter> synthesized.

=========================================================================
HDL Synthesis Report

Macro Statistics
# Registers                                            : 3
 1-bit register                                        : 3
# Multiplexers                                         : 6
 1-bit 2-to-1 multiplexer                              : 6

=========================================================================

=========================================================================
*                       Advanced HDL Synthesis                          *
=========================================================================


=========================================================================
Advanced HDL Synthesis Report

Macro Statistics
# Registers                                            : 3
 Flip-Flops                                            : 3
# Multiplexers                                         : 6
 1-bit 2-to-1 multiplexer                              : 6

=========================================================================

=========================================================================
*                         Low Level Synthesis                           *
=========================================================================

Optimizing unit <Counter> ...

Optimizing unit <Segment_MUSER_Counter> ...

Optimizing unit <FJKP_HXILINX_Counter> ...

Optimizing unit <FJKC_HXILINX_Counter> ...

Mapping all equations...
Building and optimizing final netlist ...
Found area constraint ratio of 100 (+ 5) on block Counter, actual ratio is 0.

Final Macro Processing ...

=========================================================================
Final Register Report

Macro Statistics
# Registers                                            : 3
 Flip-Flops                                            : 3

=========================================================================

=========================================================================
*                           Partition Report                            *
=========================================================================

Partition Implementation Status
-------------------------------

  No Partitions were found in this design.

-------------------------------

=========================================================================
*                            Design Summary                             *
=========================================================================

Top Level Output File Name         : Counter.ngc

Primitive and Black Box Usage:
------------------------------
# BELS                             : 19
#      AND2                        : 4
#      GND                         : 1
#      INV                         : 5
#      LUT3                        : 2
#      OR2                         : 6
#      VCC                         : 1
# FlipFlops/Latches                : 3
#      FDC                         : 2
#      FDP                         : 1
# Clock Buffers                    : 1
#      BUFGP                       : 1
# IO Buffers                       : 15
#      IBUF                        : 1
#      OBUF                        : 14

Device utilization summary:
---------------------------

Selected Device : 6slx9tqg144-3 


Slice Logic Utilization: 
 Number of Slice Registers:               3  out of  11440     0%  
 Number of Slice LUTs:                    7  out of   5720     0%  
    Number used as Logic:                 7  out of   5720     0%  

Slice Logic Distribution: 
 Number of LUT Flip Flop pairs used:     10
   Number with an unused Flip Flop:       7  out of     10    70%  
   Number with an unused LUT:             3  out of     10    30%  
   Number of fully used LUT-FF pairs:     0  out of     10     0%  
   Number of unique control sets:         3

IO Utilization: 
 Number of IOs:                          16
 Number of bonded IOBs:                  16  out of    102    15%  

Specific Feature Utilization:
 Number of BUFG/BUFGCTRLs:                1  out of     16     6%  

---------------------------
Partition Resource Summary:
---------------------------

  No Partitions were found in this design.

---------------------------


=========================================================================
Timing Report

NOTE: THESE TIMING NUMBERS ARE ONLY A SYNTHESIS ESTIMATE.
      FOR ACCURATE TIMING INFORMATION PLEASE REFER TO THE TRACE REPORT
      GENERATED AFTER PLACE-and-ROUTE.

Clock Information:
------------------
-----------------------------------+------------------------+-------+
Clock Signal                       | Clock buffer(FF name)  | Load  |
-----------------------------------+------------------------+-------+
CLK_P45                            | BUFGP                  | 3     |
-----------------------------------+------------------------+-------+

Asynchronous Control Signals Information:
----------------------------------------
No asynchronous control signals found in this design

Timing Summary:
---------------
Speed Grade: -3

   Minimum period: 2.731ns (Maximum Frequency: 366.220MHz)
   Minimum input arrival time before clock: 2.302ns
   Maximum output required time after clock: 7.287ns
   Maximum combinational path delay: No path found

Timing Details:
---------------
All values displayed in nanoseconds (ns)

=========================================================================
Timing constraint: Default period analysis for Clock 'CLK_P45'
  Clock period: 2.731ns (frequency: 366.220MHz)
  Total number of paths / destination ports: 9 / 3
-------------------------------------------------------------------------
Delay:               2.731ns (Levels of Logic = 3)
  Source:            XLXI_24/Q (FF)
  Destination:       XLXI_25/Q (FF)
  Source Clock:      CLK_P45 rising
  Destination Clock: CLK_P45 rising

  Data Path: XLXI_24/Q to XLXI_25/Q
                                Gate     Net
    Cell:in->out      fanout   Delay   Delay  Logical Name (Net Name)
    ----------------------------------------  ------------
     FDP:C->Q              9   0.447   1.174  Q (Q)
     end scope: 'XLXI_24:Q'
     OR2:I1->O             1   0.223   0.580  XLXI_27 (XLXN_6)
     begin scope: 'XLXI_25:K'
     LUT3:I2->O            1   0.205   0.000  Q_rstpot (Q_rstpot)
     FDC:D                     0.102          Q
    ----------------------------------------
    Total                      2.731ns (0.977ns logic, 1.754ns route)
                                       (35.8% logic, 64.2% route)

=========================================================================
Timing constraint: Default OFFSET IN BEFORE for Clock 'CLK_P45'
  Total number of paths / destination ports: 3 / 3
-------------------------------------------------------------------------
Offset:              2.302ns (Levels of Logic = 2)
  Source:            RESET_P46 (PAD)
  Destination:       XLXI_24/Q (FF)
  Destination Clock: CLK_P45 rising

  Data Path: RESET_P46 to XLXI_24/Q
                                Gate     Net
    Cell:in->out      fanout   Delay   Delay  Logical Name (Net Name)
    ----------------------------------------  ------------
     IBUF:I->O             3   1.222   0.650  RESET_P46_IBUF (RESET_P46_IBUF)
     begin scope: 'XLXI_24:PRE'
     FDP:PRE                   0.430          Q
    ----------------------------------------
    Total                      2.302ns (1.652ns logic, 0.650ns route)
                                       (71.8% logic, 28.2% route)

=========================================================================
Timing constraint: Default OFFSET OUT AFTER for Clock 'CLK_P45'
  Total number of paths / destination ports: 19 / 10
-------------------------------------------------------------------------
Offset:              7.287ns (Levels of Logic = 5)
  Source:            XLXI_24/Q (FF)
  Destination:       B_P40 (PAD)
  Source Clock:      CLK_P45 rising

  Data Path: XLXI_24/Q to B_P40
                                Gate     Net
    Cell:in->out      fanout   Delay   Delay  Logical Name (Net Name)
    ----------------------------------------  ------------
     FDP:C->Q              9   0.447   1.194  Q (Q)
     end scope: 'XLXI_24:Q'
     OR2:I0->O             1   0.203   0.924  XLXI_66/XLXI_1 (XLXI_66/XLXN_1)
     AND2:I1->O            1   0.223   0.579  XLXI_66/XLXI_2 (XLXI_66/XLXN_25)
     INV:I->O              1   0.568   0.579  XLXI_66/XLXI_4 (B_P40_OBUF)
     OBUF:I->O                 2.571          B_P40_OBUF (B_P40)
    ----------------------------------------
    Total                      7.287ns (4.012ns logic, 3.275ns route)
                                       (55.1% logic, 44.9% route)

=========================================================================

Cross Clock Domains Report:
--------------------------

Clock to Setup on destination clock CLK_P45
---------------+---------+---------+---------+---------+
               | Src:Rise| Src:Fall| Src:Rise| Src:Fall|
Source Clock   |Dest:Rise|Dest:Rise|Dest:Fall|Dest:Fall|
---------------+---------+---------+---------+---------+
CLK_P45        |    2.731|         |         |         |
---------------+---------+---------+---------+---------+

=========================================================================


Total REAL time to Xst completion: 5.00 secs
Total CPU time to Xst completion: 5.83 secs
 
--> 

Total memory usage is 4509416 kilobytes

Number of errors   :    0 (   0 filtered)
Number of warnings :    0 (   0 filtered)
Number of infos    :    0 (   0 filtered)

