#-----------------------------------------------------------
# PlanAhead v14.7 (64-bit)
# Build 321239 by xbuild on Fri Sep 27 19:29:51 MDT 2013
# Start of session at: Mon Nov 11 01:05:15 2019
# Process ID: 12760
# Log file: D:/Digital/lab/Lab9ALU/planAhead_run_1/planAhead.log
# Journal file: D:/Digital/lab/Lab9ALU/planAhead_run_1/planAhead.jou
#-----------------------------------------------------------
start_gui
source D:/Digital/lab/Lab9ALU/pa.fromHdl.tcl
update_compile_order -fileset sim_1
startgroup
set_property package_pin P55 [get_ports {A[7]}]
endgroup
startgroup
set_property package_pin P56 [get_ports {A[6]}]
endgroup
startgroup
set_property package_pin P57 [get_ports {A[5]}]
endgroup
startgroup
set_property package_pin P58 [get_ports {A[4]}]
endgroup
startgroup
set_property package_pin P59 [get_ports {A[3]}]
endgroup
startgroup
set_property package_pin P61 [get_ports {A[2]}]
endgroup
startgroup
set_property package_pin P62 [get_ports {A[1]}]
endgroup
startgroup
set_property package_pin P66 [get_ports {A[0]}]
endgroup
startgroup
set_property package_pin P112 [get_ports {B[7]}]
endgroup
startgroup
set_property package_pin P111 [get_ports {B[6]}]
endgroup
startgroup
set_property package_pin P105 [get_ports {B[5]}]
endgroup
startgroup
set_property package_pin P104 [get_ports {B[4]}]
endgroup
startgroup
set_property package_pin P102 [get_ports {B[3]}]
endgroup
startgroup
set_property package_pin P101 [get_ports {B[2]}]
endgroup
startgroup
set_property package_pin P100 [get_ports {B[1]}]
endgroup
startgroup
set_property package_pin P99 [get_ports {B[0]}]
endgroup
startgroup
set_property package_pin P45 [get_ports {Button[3]}]
endgroup
startgroup
set_property package_pin P46 [get_ports {Button[2]}]
endgroup
startgroup
set_property package_pin P47 [get_ports {Button[1]}]
endgroup
startgroup
set_property package_pin P48 [get_ports {Button[0]}]
endgroup
startgroup
set_property package_pin P123 [get_ports Clock]
endgroup
startgroup
set_property package_pin P41 [get_ports SegA]
endgroup
set_property package_pin "" [get_ports [list  SegC]]
startgroup
set_property package_pin P40 [get_ports SegB]
endgroup
startgroup
set_property package_pin P35 [get_ports SegC]
endgroup
set_property package_pin "" [get_ports [list  SegD]]
startgroup
set_property package_pin P34 [get_ports SegD]
endgroup
startgroup
set_property package_pin P32 [get_ports SegE]
endgroup
startgroup
set_property package_pin P29 [get_ports SegF]
endgroup
startgroup
set_property package_pin P27 [get_ports SegG]
endgroup
save_constraints
