#-----------------------------------------------------------
# PlanAhead v14.7 (64-bit)
# Build 321239 by xbuild on Fri Sep 27 19:29:51 MDT 2013
# Start of session at: Mon Nov 11 01:53:37 2019
# Process ID: 20592
# Log file: D:/Digital/lab/Lab9ALU/planAhead_run_3/planAhead.log
# Journal file: D:/Digital/lab/Lab9ALU/planAhead_run_3/planAhead.jou
#-----------------------------------------------------------
start_gui
source D:/Digital/lab/Lab9ALU/pa.fromHdl.tcl
update_compile_order -fileset sim_1
startgroup
set_property package_pin P45 [get_ports {Buttn[3]}]
endgroup
startgroup
set_property package_pin P46 [get_ports {Buttn[2]}]
endgroup
startgroup
set_property package_pin P47 [get_ports {Buttn[1]}]
endgroup
startgroup
set_property package_pin P48 [get_ports {Buttn[0]}]
endgroup
startgroup
set_property package_pin P55 [get_ports {in1[7]}]
endgroup
startgroup
set_property package_pin P56 [get_ports {in1[6]}]
endgroup
startgroup
set_property package_pin P57 [get_ports {in1[5]}]
endgroup
startgroup
set_property package_pin P58 [get_ports {in1[4]}]
endgroup
startgroup
set_property package_pin P59 [get_ports {in1[3]}]
endgroup
startgroup
set_property package_pin P61 [get_ports {in1[2]}]
endgroup
startgroup
set_property package_pin P62 [get_ports {in1[1]}]
endgroup
startgroup
set_property package_pin P66 [get_ports {in1[0]}]
endgroup
startgroup
set_property package_pin P112 [get_ports {in2[7]}]
endgroup
startgroup
set_property package_pin P111 [get_ports {in2[6]}]
endgroup
startgroup
set_property package_pin P111 [get_ports {in2[6]}]
endgroup
startgroup
set_property package_pin P105 [get_ports {in2[5]}]
endgroup
startgroup
set_property package_pin P104 [get_ports {in2[4]}]
endgroup
startgroup
set_property package_pin P102 [get_ports {in2[3]}]
endgroup
set_property package_pin "" [get_ports [list  {in2[1]}]]
startgroup
set_property package_pin P101 [get_ports {in2[2]}]
endgroup
startgroup
set_property package_pin P100 [get_ports {in2[1]}]
endgroup
startgroup
set_property package_pin P99 [get_ports {in2[0]}]
endgroup
set_property is_loc_fixed false [get_ports [list  {in2[0]}]]
set_property is_loc_fixed true [get_ports [list  {in2[0]}]]
startgroup
set_property package_pin P33 [get_ports com2]
endgroup
startgroup
set_property package_pin P30 [get_ports com3]
endgroup
save_constraints
startgroup
set_property package_pin P10 [get_ports {in1[0]}]
endgroup
startgroup
set_property package_pin P62 [get_ports {in1[1]}]
endgroup
startgroup
set_property package_pin P10 [get_ports {in1[0]}]
endgroup
startgroup
set_property package_pin P62 [get_ports {in1[1]}]
endgroup
startgroup
set_property package_pin P66 [get_ports {in1[0]}]
endgroup
refresh_design
startgroup
set_property package_pin P51 [get_ports {Buttn[0]}]
endgroup
save_constraints
refresh_design
startgroup
set_property package_pin P48 [get_ports {Buttn[0]}]
endgroup
save_constraints
update_compile_order -fileset sources_1
update_compile_order -fileset sources_1
update_compile_order -fileset sources_1
refresh_design
startgroup
set_property package_pin P51 [get_ports {Buttn[0]}]
endgroup
startgroup
set_property package_pin P48 [get_ports {Buttn[1]}]
endgroup
startgroup
set_property package_pin P47 [get_ports {Buttn[2]}]
endgroup
save_constraints
refresh_design
startgroup
set_property package_pin P46 [get_ports {Buttn[2]}]
endgroup
startgroup
set_property package_pin P47 [get_ports {Buttn[1]}]
endgroup
startgroup
set_property package_pin P48 [get_ports {Buttn[0]}]
endgroup
startgroup
set_property package_pin P45 [get_ports {Buttn[3]}]
endgroup
startgroup
set_property package_pin P51 [get_ports {Buttn[0]}]
endgroup
startgroup
set_property package_pin P47 [get_ports {Buttn[1]}]
endgroup
startgroup
set_property package_pin P48 [get_ports {Buttn[3]}]
endgroup
startgroup
set_property package_pin P45 [get_ports {Buttn[0]}]
endgroup
startgroup
set_property package_pin P47 [get_ports {Buttn[1]}]
endgroup
startgroup
set_property package_pin P51 [get_ports {Buttn[2]}]
endgroup
startgroup
set_property package_pin P47 [get_ports {Buttn[1]}]
endgroup
startgroup
set_property package_pin P46 [get_ports {Buttn[1]}]
endgroup
save_constraints
refresh_design
startgroup
set_property package_pin P47 [get_ports {Buttn[2]}]
endgroup
save_constraints
